FAIL base_backdraft_win@off@390x844 finalWin=null expected=undefined win=undefined console_errors=0 175780 ms
   driver: page.waitForFunction: Target page, context or browser has been closed
node:internal/modules/run_main:107
    triggerUncaughtException(
    ^

browser.newContext: Target page, context or browser has been closed
Browser logs:

<launching> /Users/jbull/Library/Caches/ms-playwright/chromium-1243/chrome-mac-arm64/Google Chrome for Testing.app/Contents/MacOS/Google Chrome for Testing --disable-field-trial-config --disable-background-networking --disable-background-timer-throttling --disable-backgrounding-occluded-windows --disable-back-forward-cache --disable-breakpad --disable-client-side-phishing-detection --disable-component-extensions-with-background-pages --disable-component-update --no-default-browser-check --disable-default-apps --disable-dev-shm-usage --disable-edgeupdater --disable-extensions --disable-features=AvoidUnnecessaryBeforeUnloadCheckSync,BoundaryEventDispatchTracksNodeRemoval,DestroyProfileOnBrowserClose,DialMediaRouteProvider,GlobalMediaControls,HttpsUpgrades,LensOverlay,MediaRouter,PaintHolding,ThirdPartyStoragePartitioning,BlockOriginHeaderModificationOnRedirect,Translate,AutoDeElevate,OptimizationHints,msForceBrowserSignIn,msEdgeUpdateLaunchServicesPreferredVersion --enable-features=CDPScreenshotNewSurface --allow-pre-commit-input --disable-hang-monitor --disable-ipc-flooding-protection --disable-popup-blocking --disable-prompt-on-repost --disable-renderer-backgrounding --disable-updater-scheduler --force-color-profile=srgb --metrics-recording-only --no-first-run --password-store=basic --use-mock-keychain --no-service-autorun --export-tagged-pdf --disable-search-engine-choice-screen --unsafely-disable-devtools-self-xss-warnings --edge-skip-compat-layer-relaunch --disable-infobars --disable-search-engine-choice-screen --disable-sync --enable-unsafe-swiftshader --headless --hide-scrollbars --mute-audio --blink-settings=primaryHoverType=2,availableHoverTypes=2,primaryPointerType=4,availablePointerTypes=4 --no-sandbox --mute-audio --autoplay-policy=no-user-gesture-required --use-angle=swiftshader --enable-unsafe-swiftshader --user-data-dir=/var/folders/65/m4jvqkzs11qb5k0ks_mwrsq40000gn/T/playwright_chromiumdev_profile-ty23Hn --remote-debugging-pipe --no-startup-window
<launched> pid=61295
[pid=61295][err] [61304:27031301:0926/181431.144858:ERROR:ui/display/mac/cv_display_link_mac.mm:195] CVDisplayLinkCreateWithCGDisplay failed. CVReturn: -6670
[pid=61295][err] [61304:27031332:0926/181431.155498:ERROR:ui/display/mac/cv_display_link_mac.mm:195] CVDisplayLinkCreateWithCGDisplay failed. CVReturn: -6670
[pid=61295][err] [61304:27031301:0926/181431.184949:ERROR:ui/display/mac/cv_display_link_mac.mm:195] CVDisplayLinkCreateWithCGDisplay failed. CVReturn: -6670
[pid=61295][err] [61304:27031332:0926/181431.185046:ERROR:ui/display/mac/cv_display_link_mac.mm:195] CVDisplayLinkCreateWithCGDisplay failed. CVReturn: -6670
[pid=61295][err] [61304:27031301:0926/181431.205157:ERROR:ui/display/mac/cv_display_link_mac.mm:195] CVDisplayLinkCreateWithCGDisplay failed. CVReturn: -6670
[pid=61295][err] [61304:27031332:0926/181431.205366:ERROR:ui/display/mac/cv_display_link_mac.mm:195] CVDisplayLinkCreateWithCGDisplay failed. CVReturn: -6670
[pid=61295][err] [61304:27031301:0926/181431.205517:ERROR:ui/display/mac/cv_display_link_mac.mm:195] CVDisplayLinkCreateWithCGDisplay failed. CVReturn: -6670
[pid=61295][err] [61304:27031332:0926/181431.205543:ERROR:ui/display/mac/cv_display_link_mac.mm:195] CVDisplayLinkCreateWithCGDisplay failed. CVReturn: -6670
[pid=61295][err] [61304:27031301:0926/181431.205629:ERROR:ui/display/mac/cv_display_link_mac.mm:195] CVDisplayLinkCreateWithCGDisplay failed. CVReturn: -6670
[pid=61295][err] [61304:27031332:0926/181431.205659:ERROR:ui/display/mac/cv_display_link_mac.mm:195] CVDisplayLinkCreateWithCGDisplay failed. CVReturn: -6670
[pid=61295][err] [61295:27031287:0926/181433.853670:ERROR:google_apis/gcm/engine/registration_request.cc:291] Registration response error message: PHONE_REGISTRATION_ERROR
[pid=61295][err] [61295:27031287:0926/181433.858974:ERROR:google_apis/gcm/engine/registration_request.cc:291] Registration response error message: PHONE_REGISTRATION_ERROR
[pid=61295][err] [61304:27031301:0926/181449.167705:ERROR:gpu/command_buffer/service/gl_utils.cc:427] [.WebGL-0x12c02def400]GL Driver Message (OpenGL, Performance, GL_CLOSE_PATH_NV, High): GPU stall due to ReadPixels
[pid=61295][err] [61304:27031301:0926/181449.471604:ERROR:gpu/command_buffer/service/gl_utils.cc:427] [.WebGL-0x12c02def400]GL Driver Message (OpenGL, Performance, GL_CLOSE_PATH_NV, High): GPU stall due to ReadPixels
[pid=61295][err] [61685:27033229:0926/181449.768873:ERROR:sandbox/mac/system_services.cc:31] SetApplicationIsDaemon: Error Domain=NSOSStatusErrorDomain Code=-50 "paramErr: error in user parameter list" (-50)
[pid=61295][err] [61295:27031287:0926/181456.977722:ERROR:google_apis/gcm/engine/registration_request.cc:291] Registration response error message: DEPRECATED_ENDPOINT
[pid=61295][err] [61304:27031301:0926/181522.794169:ERROR:gpu/command_buffer/service/gl_utils.cc:427] [.WebGL-0x12c02de6a00]GL Driver Message (OpenGL, Performance, GL_CLOSE_PATH_NV, High): GPU stall due to ReadPixels
[pid=61295][err] [61304:27031301:0926/181522.950623:ERROR:gpu/command_buffer/service/gl_utils.cc:427] [.WebGL-0x12c02de6a00]GL Driver Message (OpenGL, Performance, GL_CLOSE_PATH_NV, High): GPU stall due to ReadPixels (this message will no longer repeat)
[pid=61295][err] [61304:27031301:0926/181534.798317:ERROR:gpu/command_buffer/service/shared_image/shared_image_manager.cc:370] SharedImageManager::ProduceOverlay: Trying to Produce a Overlay representation from a non-existent mailbox.
[pid=61295][err] [61304:27031301:0926/181534.798355:ERROR:components/viz/service/display_embedder/skia_output_device_buffer_queue.cc:258] Invalid mailbox.
[pid=61295][err] [61304:27031301:0926/181534.798358:ERROR:gpu/command_buffer/service/shared_image/shared_image_manager.cc:370] SharedImageManager::ProduceOverlay: Trying to Produce a Overlay representation from a non-existent mailbox.
[pid=61295][err] [61304:27031301:0926/181534.798360:ERROR:components/viz/service/display_embedder/skia_output_device_buffer_queue.cc:258] Invalid mailbox.
[pid=61295][err] [61304:27031301:0926/181534.800643:ERROR:gpu/command_buffer/service/shared_image/shared_image_manager.cc:370] SharedImageManager::ProduceOverlay: Trying to Produce a Overlay representation from a non-existent mailbox.
[pid=61295][err] [61304:27031301:0926/181534.800657:ERROR:components/viz/service/display_embedder/skia_output_device_buffer_queue.cc:258] Invalid mailbox.
[pid=61295][err] [61304:27031301:0926/181534.800659:ERROR:gpu/command_buffer/service/shared_image/shared_image_manager.cc:370] SharedImageManager::ProduceOverlay: Trying to Produce a Overlay representation from a non-existent mailbox.
[pid=61295][err] [61304:27031301:0926/181534.800661:ERROR:components/viz/service/display_embedder/skia_output_device_buffer_queue.cc:258] Invalid mailbox.
[pid=61295][err] [61304:27031301:0926/181534.800663:ERROR:gpu/command_buffer/service/shared_image/shared_image_manager.cc:370] SharedImageManager::ProduceOverlay: Trying to Produce a Overlay representation from a non-existent mailbox.
[pid=61295][err] [61304:27031301:0926/181534.800665:ERROR:components/viz/service/display_embedder/skia_output_device_buffer_queue.cc:258] Invalid mailbox.
[pid=61295][err] [61304:27031301:0926/181534.801260:ERROR:gpu/command_buffer/service/shared_image/shared_image_manager.cc:254] SharedImageManager::ProduceSkia: Trying to Produce a Skia representation from a non-existent mailbox.
[pid=61295][err] [61304:27031301:0926/181534.801318:ERROR:gpu/command_buffer/service/shared_image/shared_image_manager.cc:254] SharedImageManager::ProduceSkia: Trying to Produce a Skia representation from a non-existent mailbox.
[pid=61295][err] [61304:27031301:0926/181534.801351:ERROR:gpu/command_buffer/service/shared_image/shared_image_manager.cc:254] SharedImageManager::ProduceSkia: Trying to Produce a Skia representation from a non-existent mailbox.
[pid=61295][err] [61304:27031301:0926/181534.801380:ERROR:gpu/command_buffer/service/shared_image/shared_image_manager.cc:254] SharedImageManager::ProduceSkia: Trying to Produce a Skia representation from a non-existent mailbox.
[pid=61295][err] [61304:27031301:0926/181534.801531:ERROR:gpu/command_buffer/service/shared_image/shared_image_manager.cc:254] SharedImageManager::ProduceSkia: Trying to Produce a Skia representation from a non-existent mailbox.
[pid=61295][err] [61304:27031301:0926/181534.801556:ERROR:gpu/command_buffer/service/shared_image/shared_image_manager.cc:254] SharedImageManager::ProduceSkia: Trying to Produce a Skia representation from a non-existent mailbox.
[pid=61295][err] [61304:27031301:0926/181534.801658:ERROR:gpu/command_buffer/service/shared_image/shared_image_manager.cc:254] SharedImageManager::ProduceSkia: Trying to Produce a Skia representation from a non-existent mailbox.
[pid=61295][err] [61304:27031301:0926/181534.801680:ERROR:gpu/command_buffer/service/shared_image/shared_image_manager.cc:254] SharedImageManager::ProduceSkia: Trying to Produce a Skia representation from a non-existent mailbox.
[pid=61295][err] [61304:27031301:0926/181534.802488:ERROR:gpu/command_buffer/service/shared_image/shared_image_manager.cc:254] SharedImageManager::ProduceSkia: Trying to Produce a Skia representation from a non-existent mailbox.
[pid=61295][err] [61304:27031301:0926/181534.802509:ERROR:gpu/command_buffer/service/shared_image/shared_image_manager.cc:254] SharedImageManager::ProduceSkia: Trying to Produce a Skia representation from a non-existent mailbox.
[pid=61295][err] [61304:27031301:0926/181534.802560:ERROR:gpu/command_buffer/service/shared_image/shared_image_manager.cc:254] SharedImageManager::ProduceSkia: Trying to Produce a Skia representation from a non-existent mailbox.
[pid=61295][err] [61304:27031301:0926/181535.532011:ERROR:ui/display/mac/cv_display_link_mac.mm:195] CVDisplayLinkCreateWithCGDisplay failed. CVReturn: -6670
[pid=61295][err] [61304:27031332:0926/181535.532061:ERROR:ui/display/mac/cv_display_link_mac.mm:195] CVDisplayLinkCreateWithCGDisplay failed. CVReturn: -6670
[pid=61295][err] [61304:27031301:0926/181535.576425:ERROR:ui/display/mac/cv_display_link_mac.mm:195] CVDisplayLinkCreateWithCGDisplay failed. CVReturn: -6670
[pid=61295][err] [61304:27031332:0926/181535.576512:ERROR:ui/display/mac/cv_display_link_mac.mm:195] CVDisplayLinkCreateWithCGDisplay failed. CVReturn: -6670
[pid=61295][err] [61304:27031301:0926/181535.606031:ERROR:ui/display/mac/cv_display_link_mac.mm:195] CVDisplayLinkCreateWithCGDisplay failed. CVReturn: -6670
[pid=61295][err] [61304:27031332:0926/181535.606114:ERROR:ui/display/mac/cv_display_link_mac.mm:195] CVDisplayLinkCreateWithCGDisplay failed. CVReturn: -6670
[pid=61295][err] [61304:27031301:0926/181535.606301:ERROR:ui/display/mac/cv_display_link_mac.mm:195] CVDisplayLinkCreateWithCGDisplay failed. CVReturn: -6670
[pid=61295][err] [61304:27031332:0926/181535.606340:ERROR:ui/display/mac/cv_display_link_mac.mm:195] CVDisplayLinkCreateWithCGDisplay failed. CVReturn: -6670
[pid=61295][err] [61304:27031301:0926/181535.606517:ERROR:ui/display/mac/cv_display_link_mac.mm:195] CVDisplayLinkCreateWithCGDisplay failed. CVReturn: -6670
[pid=61295][err] [61304:27031332:0926/181535.606560:ERROR:ui/display/mac/cv_display_link_mac.mm:195] CVDisplayLinkCreateWithCGDisplay failed. CVReturn: -6670
[pid=61295][err] [61295:27031287:0926/181537.856532:ERROR:google_apis/gcm/engine/registration_request.cc:291] Registration response error message: DEPRECATED_ENDPOINT
[pid=61295][err] [61295:27031287:0926/181730.985984:ERROR:google_apis/gcm/engine/registration_request.cc:291] Registration response error message: DEPRECATED_ENDPOINT
[pid=61295] <gracefully close start>
[pid=61295][err] [61304:27031301:0926/181832.568802:ERROR:gpu/command_buffer/service/shared_image/shared_image_manager.cc:254] SharedImageManager::ProduceSkia: Trying to Produce a Skia representation from a non-existent mailbox.
[pid=61295][err] [61304:27031301:0926/181832.653196:ERROR:gpu/command_buffer/service/shared_image/shared_image_manager.cc:254] SharedImageManager::ProduceSkia: Trying to Produce a Skia representation from a non-existent mailbox.
[pid=61295][err] [61304:27031301:0926/181832.756946:ERROR:gpu/command_buffer/service/shared_image/shared_image_manager.cc:254] SharedImageManager::ProduceSkia: Trying to Produce a Skia representation from a non-existent mailbox.
    at async runOne (/Users/jbull/code/piggy-firefighters/qa/smoke/review/motion_b/smoke.mjs:137:18)
    at async file:///Users/jbull/code/piggy-firefighters/qa/smoke/review/motion_b/smoke.mjs:227:12 {
  log: []
}

Node.js v24.18.0
